
> ucas-graduate-course-planner@0.1.0 build
> vinext build


  vinext build  (Vite 8.0.13)

[1/5] analyze client references...
[2K
transforming...✓ 225 modules transformed.
rendering chunks...
✓ built in 1.86s
[2/5] analyze server references...
[2K
transforming...✓ 106 modules transformed.
rendering chunks...
✓ built in 388ms
[3/5] build rsc environment...
[2K
transforming...✓ 222 modules transformed.
rendering chunks...
computing gzip size...
✓ built in 1.94s
[4/5] build client environment...
[2K
transforming...✓ 1905 modules transformed.
rendering chunks...
computing gzip size...
[33m[PLUGIN_TIMINGS] [0mYour build spent significant time in plugins. Here is a breakdown:
  - vinext:middleware-server-only (34%)
  - vinext:css-data-url (15%)
  - rsc:virtual-client-package (12%)
  - vinext:jsx-in-js (9%)
  - alias (7%)
See https://rolldown.rs/options/checks#plugintimings for more details.

✓ built in 4.46s
[5/5] build ssr environment...
[2K
transforming...✓ 112 modules transformed.
rendering chunks...
computing gzip size...
✓ built in 873ms
[0m
  Route (app)
  ─ ? /

  ? Unknown

  ? Some routes could not be classified. vinext currently uses static analysis
    and cannot detect dynamic API usage (headers(), cookies(), etc.) at build time.
    Automatic classification will be improved in a future release.

  Build complete. Run `vinext start` to start the production server.

