### 05 构建（修正后）
# 命令: npm run build
# 时间: 2026-10-05 12:25:17 +0800


> ucas-graduate-course-planner@0.1.0 build
> vinext build


  vinext build  (Vite 8.0.13)

[1/5] analyze client references...
[2K
transforming...✓ 225 modules transformed.
rendering chunks...
✓ built in 2.10s
[2/5] analyze server references...
[2K
transforming...✓ 104 modules transformed.
rendering chunks...
✓ built in 292ms
[3/5] build rsc environment...
[2K
transforming...✓ 222 modules transformed.
rendering chunks...
computing gzip size...
✓ built in 1.12s
[4/5] build client environment...
[2K
transforming...✓ 1903 modules transformed.
rendering chunks...
computing gzip size...
✓ built in 2.98s
[5/5] build ssr environment...
[2K
transforming...✓ 110 modules transformed.
rendering chunks...
computing gzip size...
✓ built in 1.06s
[0m
  Route (app)
  ─ ? /

  ? Unknown

  ? Some routes could not be classified. vinext currently uses static analysis
    and cannot detect dynamic API usage (headers(), cookies(), etc.) at build time.
    Automatic classification will be improved in a future release.

  Build complete. Run `vinext start` to start the production server.


real	0m15.526s
user	0m14.073s
sys	0m2.966s
EXIT=0
